// Jest Snapshot v1, https://goo.gl/fbAQLP

exports[`EnvelopeView renders 1`] = `
<DocumentFragment>
  <div
    class="envelope-view"
  >
    <div
      class="envelope-view__header"
    >
      <div>
        <span
          class="envelope-view__header__title"
        >
          Email Subject
        </span>
        <span
          class="label ml-2 label-primary"
        >
          <span
            class="label-item label-item-expand"
          >
            sent
          </span>
        </span>
      </div>
      <button
        class="btn btn-primary"
        type="button"
      >
        <svg
          class="lexicon-icon lexicon-icon-download"
          role="presentation"
        >
          <use
            xlink:href="#download"
          />
        </svg>
        <span
          class="ml-1"
        >
          download
        </span>
      </button>
    </div>
    <div
      class="taglib-empty-result-message"
    >
      <div
        class="text-center"
      >
        <div
          class="taglib-empty-state mb-2 mt-4"
        />
        <h1
          class="taglib-empty-result-message-title"
        >
          no-preview-available
        </h1>
        <p
          class="empty-message-color taglib-empty-result-message-description"
        >
          the-envelope-does-not-have-a-document-to-preview
        </p>
      </div>
    </div>
    <div
      class="envelope-view__details"
    >
      <div>
        <b>
          envelope-id
        </b>
        : 1
      </div>
      <hr />
      <div
        class="d-flex"
      >
        <div
          class="flex-grow-1"
        >
          <b>
            Email Subject
          </b>
          <span
            class="ml-1"
          />
        </div>
        <div>
          <b>
            1/1/2021 12:30 PM
          </b>
          <span
            class="ml-1"
          />
        </div>
      </div>
      <div>
        <b>
          to:
        </b>
        <span
          class="ml-1"
        >
          test@liferay.com
        </span>
      </div>
      <div>
        <b>
          from:
        </b>
        <span
          class="ml-1"
        >
          test@liferay.com
        </span>
      </div>
      <p
        class="mt-2"
      >
        Email Message
      </p>
    </div>
    <input
      type="hidden"
      value="http://localhost:8080/?p_p_id=unitTest&_unitTest_dsEnvelopeId=1&_unitTest_javax.portlet.action=%2Fdigital_signature%2Fdelete_ds_envelope&p_auth=default-mocked-auth-token&p_p_lifecycle=1"
    />
  </div>
</DocumentFragment>
`;
